error[E0004]: non-exhaustive patterns: `EvaluationRunState::Unknown(_)` not covered
  --> trybuild/fail_missing_unknown.rs:16:11
   |
16 |     match s {
   |           ^ pattern `EvaluationRunState::Unknown(_)` not covered
   |
note: `EvaluationRunState` defined here
  --> src/evaluation_run_state.rs
   |
   | pub enum EvaluationRunState {
   | ^^^^^^^^^^^^^^^^^^^^^^^^^^^
...
   |     Unknown(i32),
   |     ------- not covered
   = note: the matched value is of type `EvaluationRunState`
help: ensure that all possible cases are being handled by adding a match arm with a wildcard pattern or an explicit pattern as shown
   |
22 ~         cxas_proto::EvaluationRunState::Cancelled => "c",
23 ~         EvaluationRunState::Unknown(_) => todo!(),
   |
